====
    The MIT License (MIT)

    MSUSEL Arc Framework
    Copyright (c) 2015-2019 Montana State University, Gianforte School of Computing,
    Software Engineering Laboratory and Idaho State University, Informatics and
    Computer Science, Empirical Software Engineering Laboratory

    Permission is hereby granted, free of charge, to any person obtaining a copy
    of this software and associated documentation files (the "Software"), to deal
    in the Software without restriction, including without limitation the rights
    to use, copy, modify, merge, publish, distribute, sublicense, and/or sell
    copies of the Software, and to permit persons to whom the Software is
    furnished to do so, subject to the following conditions:

    The above copyright notice and this permission notice shall be included in all
    copies or substantial portions of the Software.

    THE SOFTWARE IS PROVIDED "AS IS", WITHOUT WARRANTY OF ANY KIND, EXPRESS OR
    IMPLIED, INCLUDING BUT NOT LIMITED TO THE WARRANTIES OF MERCHANTABILITY,
    FITNESS FOR A PARTICULAR PURPOSE AND NONINFRINGEMENT. IN NO EVENT SHALL THE
    AUTHORS OR COPYRIGHT HOLDERS BE LIABLE FOR ANY CLAIM, DAMAGES OR OTHER
    LIABILITY, WHETHER IN AN ACTION OF CONTRACT, TORT OR OTHERWISE, ARISING FROM,
    OUT OF OR IN CONNECTION WITH THE SOFTWARE OR THE USE OR OTHER DEALINGS IN THE
    SOFTWARE.
====

Passed: 51
Failed: 0
ok - pre-deferred callback
ok - post-deferred callback
ok - throw -> err, catch -> success
ok - return -> err, catch -> succcess
ok - canceller called!
ok - CancelledError here
ok - succeed
ok - default fail
ok - wrapped fail
ok - unwrapped fail
ok - dependent deferred succeed
ok - dependent deferred fail
ok - double-call
ok - double-fail
ok - swallow cancel
ok - canceller called!
ok - non-swallowed cancel
ok - deferred not allowed for callback
ok - deferred not allowed for errback
ok - chained deferred not allowed to be re-used
ok - evalJSONRequest
ok - getXMLHttpRequest
ok - lock acquired
ok - lock waiting for release
ok - lock waiting for release
ok - lock passed on
ok - lock passed on
ok - over-release raised
ok - lock acquired
ok - lock released
ok - auto-partial addCallback addBoth
ok - auto-partial errback
ok - auto-partial errback
ok - DeferredList looks like a Deferred
ok - deferredlist result ok
ok - deferredlist fireOnOneCallback ok
ok - deferredlist fireOnOneErrback ok
ok - deferredlist consumeErrors ok
ok - gatherResults result ok
ok - maybeDeferred sync ok
ok - maybeDeferred async ok
ok - synchronous test suite finished!
ok - argument passed in OK
ok - argument count right
ok - callLater
ok - argument passed in OK
ok - argument count right
ok - wait
ok - loadJSONDoc passed
ok - loadJSONDoc
ok - async suite finished