====
    The MIT License (MIT)

    MSUSEL Arc Framework
    Copyright (c) 2015-2019 Montana State University, Gianforte School of Computing,
    Software Engineering Laboratory and Idaho State University, Informatics and
    Computer Science, Empirical Software Engineering Laboratory

    Permission is hereby granted, free of charge, to any person obtaining a copy
    of this software and associated documentation files (the "Software"), to deal
    in the Software without restriction, including without limitation the rights
    to use, copy, modify, merge, publish, distribute, sublicense, and/or sell
    copies of the Software, and to permit persons to whom the Software is
    furnished to do so, subject to the following conditions:

    The above copyright notice and this permission notice shall be included in all
    copies or substantial portions of the Software.

    THE SOFTWARE IS PROVIDED "AS IS", WITHOUT WARRANTY OF ANY KIND, EXPRESS OR
    IMPLIED, INCLUDING BUT NOT LIMITED TO THE WARRANTIES OF MERCHANTABILITY,
    FITNESS FOR A PARTICULAR PURPOSE AND NONINFRINGEMENT. IN NO EVENT SHALL THE
    AUTHORS OR COPYRIGHT HOLDERS BE LIABLE FOR ANY CLAIM, DAMAGES OR OTHER
    LIABILITY, WHETHER IN AN ACTION OF CONTRACT, TORT OR OTHERWISE, ARISING FROM,
    OUT OF OR IN CONNECTION WITH THE SOFTWARE OR THE USE OR OTHER DEALINGS IN THE
    SOFTWARE.
====

Passed: 107
Failed: 0
ok - 'a' selector (0)
ok - 'a' selector (1)
ok - 'a' selector (2)
ok - 'a' selector (3)
ok - 'a' selector (4)
ok - 'a' selector (5)
ok - 'a' selector (6)
ok - 'a' selector (7)
ok - 'a' selector (8)
ok - 'a' selector (9)
ok - 'a' selector (10)
ok - 'a' selector (11)
ok - 'a' selector (12)
ok - 'a' selector (13)
ok - 'a' selector (14)
ok - 'a' selector (15)
ok - 'p a.blog' selector (0)
ok - 'p a.blog' selector (1)
ok - 'div a' selector (0)
ok - 'div a' selector (1)
ok - 'div a' selector (2)
ok - 'div a' selector (3)
ok - 'div a' selector (4)
ok - 'div a' selector (5)
ok - 'div a' selector (6)
ok - 'div a' selector (7)
ok - 'div a' selector (8)
ok - 'div a' selector (9)
ok - 'div a' selector (10)
ok - 'div a' selector (11)
ok - 'div#foo a' selector (0)
ok - 'div#foo a' selector (1)
ok - 'div#foo a' selector (2)
ok - 'div#foo a' selector (3)
ok - '#foo a.blog' selector (0)
ok - '.blog' selector (0)
ok - '.blog' selector (1)
ok - 'a[href^=http://www]' selector (0)
ok - 'a[href^=http://www]' selector (1)
ok - 'a[href^=http://www]' selector (2)
ok - 'a[href^=http://www]' selector (3)
ok - 'a[href^=http://www]' selector (4)
ok - 'a[href^=http://www]' selector (5)
ok - 'a[href^=http://www]' selector (6)
ok - 'a[href^=http://www]' selector (7)
ok - 'a[href^=http://www]' selector (8)
ok - 'a[href^=http://www]' selector (9)
ok - 'a[href^=http://www]' selector (10)
ok - 'a[href^=http://www]' selector (11)
ok - 'a[href$=org/]' selector (0)
ok - 'a[href*=google]' selector (0)
ok - 'a[href*=google]' selector (1)
ok - 'a[rel=bookmark]' selector (0)
ok - 'a[fakeattribute]' selector (0)
ok - 'p[lang=en-us]' selector
ok - 'p[lang!=is-IS]' selector
ok - 'p[lang~=en-us]' selector
ok - 'p[lang^=en]' selector
ok - 'p[lang$=us]' selector
ok - 'p[lang*=-u]' selector
ok - 'p[lang|=en]' selector
ok - 'p > a' selector (0)
ok - 'p > a' selector (1)
ok - 'p > a' selector (2)
ok - 'p > a' selector (3)
ok - 'p > a' selector (4)
ok - 'p > a' selector (5)
ok - 'span > a' selector (0)
ok - 'a + a' selector (0)
ok - 'a + a' selector (1)
ok - 'a + a' selector (2)
ok - 'a + a' selector (3)
ok - 'a + a' selector (4)
ok - 'a + a' selector (5)
ok - 'a + a' selector (6)
ok - 'p ~ a' selector (0)
ok - 'p ~ a' selector (1)
ok - 'p ~ a' selector (2)
ok - 'p ~ a' selector (3)
ok - 'p ~ a' selector (4)
ok - '#sequence a:nth-child(odd)' selector (0)
ok - '#sequence a:nth-child(odd)' selector (1)
ok - '#sequence a:nth-child(odd)' selector (2)
ok - '#sequence a:nth-child(odd)' selector (3)
ok - '#sequence a:nth-of-type(odd)' selector (0)
ok - '#sequence a:nth-of-type(odd)' selector (1)
ok - '#sequence a:nth-of-type(odd)' selector (2)
ok - '#sequence a:nth-of-type(odd)' selector (3)
ok - '#sequence a:nth-of-type(3n+1)' selector (0)
ok - '#sequence a:nth-of-type(3n+1)' selector (1)
ok - '#sequence a:nth-of-type(3n+1)' selector (2)
ok - '#sequence a:nth-child(6)' selector (0)
ok - '#sequence a:nth-of-type(5)' selector (0)
ok - 'body :enabled (0)
ok - 'body :enabled (1)
ok - 'body :disabled (0)
ok - 'body :checked (0)
ok - 'a[href$=outsidep] ~ *' selector (0)
ok - 'a[href$=outsidep] ~ *' selector (1)
ok - 'a[href$=outsidep] ~ *' selector (2)
ok - 'a[href$=outsidep] ~ *' selector (3)
ok - 'a[href$=outsidep] ~ *' selector (4)
ok - ':root' selector (0)
ok - '~=' attribute test (0)
ok - :root on a different document
ok - a inside a different document
ok - test suite finished!