====
    The MIT License (MIT)

    MSUSEL Arc Framework
    Copyright (c) 2015-2019 Montana State University, Gianforte School of Computing,
    Software Engineering Laboratory and Idaho State University, Informatics and
    Computer Science, Empirical Software Engineering Laboratory

    Permission is hereby granted, free of charge, to any person obtaining a copy
    of this software and associated documentation files (the "Software"), to deal
    in the Software without restriction, including without limitation the rights
    to use, copy, modify, merge, publish, distribute, sublicense, and/or sell
    copies of the Software, and to permit persons to whom the Software is
    furnished to do so, subject to the following conditions:

    The above copyright notice and this permission notice shall be included in all
    copies or substantial portions of the Software.

    THE SOFTWARE IS PROVIDED "AS IS", WITHOUT WARRANTY OF ANY KIND, EXPRESS OR
    IMPLIED, INCLUDING BUT NOT LIMITED TO THE WARRANTIES OF MERCHANTABILITY,
    FITNESS FOR A PARTICULAR PURPOSE AND NONINFRINGEMENT. IN NO EVENT SHALL THE
    AUTHORS OR COPYRIGHT HOLDERS BE LIABLE FOR ANY CLAIM, DAMAGES OR OTHER
    LIABILITY, WHETHER IN AN ACTION OF CONTRACT, TORT OR OTHERWISE, ARISING FROM,
    OUT OF OR IN CONNECTION WITH THE SOFTWARE OR THE USE OR OTHER DEALINGS IN THE
    SOFTWARE.
====

Passed: 65
Failed: 0
ok - initial x position
ok - initial y position
ok - x position with offsetParent border
ok - y position with offsetParent border
ok - updated x position
ok - updated y position
ok - updated x position (using relativeTo parameter)
ok - updated y position (using relativeTo parameter)
ok - passthrough x position
ok - passthrough y position
ok - passthrough x position (using relativeTo parameter)
ok - passthrough y position (using relativeTo parameter)
ok - invalid element should return an undefined position
ok - updated only x position
ok - not updated y position
ok - test getStyle selector case
ok - test getStyle camel case
ok - test computed getStyle selector case
ok - test computed getStyle camel case
ok - test getStyle opacity
ok - test getOpacity
ok - test setOpacity
ok - test setOpacity
ok - test setOpacity
ok - getStyle of float
ok - getStyle of cssFloat
ok - getStyle of styleFloat
ok - getStyle of float when unset
ok - setStyle of CSS float
ok - setStyle of CSS cssFloat
ok - setStyle of CSS styleFloat
ok - getElementDimensions w ok
ok - getElementDimensions h ok
ok - getElementDimensions content w ok
ok - getElementDimensions content h ok
ok - setElementDimensions w ok
ok - setElementDimensions h ok
ok - setElementDimensions only w ok
ok - setElementDimensions h not updated ok
ok - getElementDimensions w ok when display none
ok - getElementDimensions h ok when display none
ok - getElementDimensions w ok when CSS display none
ok - getElementDimensions h ok when CSS display none
ok - getElementDimensions modified element display
ok - test getViewportDimensions w
ok - test getViewportDimensions h
ok - test getViewportPosition x
ok - test getViewportPosition y
ok - default left table cell content w ok
ok - default left table cell content h ok
ok - default middle table cell content w ok
ok - default middle table cell content h ok
ok - default right table cell content w ok
ok - default right table cell content h ok
ok - collapsed left table cell content w ok
ok - collapsed left table cell content h ok
ok - collapsed middle table cell content w ok
ok - collapsed middle table cell content h ok
ok - collapsed right table cell content w ok
ok - collapsed right table cell content h ok
ok - make clipping on overflow-x
ok - make clipping on overflow-y
ok - undo clipping on overflow-x
ok - undo clipping on overflow-y
ok - test suite finished!