====
    The MIT License (MIT)

    MSUSEL Arc Framework
    Copyright (c) 2015-2019 Montana State University, Gianforte School of Computing,
    Software Engineering Laboratory and Idaho State University, Informatics and
    Computer Science, Empirical Software Engineering Laboratory

    Permission is hereby granted, free of charge, to any person obtaining a copy
    of this software and associated documentation files (the "Software"), to deal
    in the Software without restriction, including without limitation the rights
    to use, copy, modify, merge, publish, distribute, sublicense, and/or sell
    copies of the Software, and to permit persons to whom the Software is
    furnished to do so, subject to the following conditions:

    The above copyright notice and this permission notice shall be included in all
    copies or substantial portions of the Software.

    THE SOFTWARE IS PROVIDED "AS IS", WITHOUT WARRANTY OF ANY KIND, EXPRESS OR
    IMPLIED, INCLUDING BUT NOT LIMITED TO THE WARRANTIES OF MERCHANTABILITY,
    FITNESS FOR A PARTICULAR PURPOSE AND NONINFRINGEMENT. IN NO EVENT SHALL THE
    AUTHORS OR COPYRIGHT HOLDERS BE LIABLE FOR ANY CLAIM, DAMAGES OR OTHER
    LIABILITY, WHETHER IN AN ACTION OF CONTRACT, TORT OR OTHERWISE, ARISING FROM,
    OUT OF OR IN CONNECTION WITH THE SOFTWARE OR THE USE OR OTHER DEALINGS IN THE
    SOFTWARE.
====

Passed: 31
Failed: 0
ok - logLevelAtLeast false
ok - logLevelAtLeast true
ok - global logger installed
ok - global log() put one message in queue
ok - allMessages listener
ok - info matches
ok - level matches
ok - getMessages() returns copy
ok - allMessages listener
ok - logDebug()
ok - info matches
ok - level matches
ok - allMessages listener
ok - logError()
ok - info matches
ok - level matches
ok - allMessages listener
ok - logWarning()
ok - info matches
ok - level matches
ok - allMessages listener
ok - logFatal()
ok - fatalMessages listener
ok - info matches
ok - level matches
ok - getMessages with limit returns latest
ok - firstTwo
ok - clear removes existing messages
ok - baseLog converts level
ok - baseLog converts ad-hoc level
ok - test suite finished!