====
    The MIT License (MIT)

    MSUSEL Arc Framework
    Copyright (c) 2015-2019 Montana State University, Gianforte School of Computing,
    Software Engineering Laboratory and Idaho State University, Informatics and
    Computer Science, Empirical Software Engineering Laboratory

    Permission is hereby granted, free of charge, to any person obtaining a copy
    of this software and associated documentation files (the "Software"), to deal
    in the Software without restriction, including without limitation the rights
    to use, copy, modify, merge, publish, distribute, sublicense, and/or sell
    copies of the Software, and to permit persons to whom the Software is
    furnished to do so, subject to the following conditions:

    The above copyright notice and this permission notice shall be included in all
    copies or substantial portions of the Software.

    THE SOFTWARE IS PROVIDED "AS IS", WITHOUT WARRANTY OF ANY KIND, EXPRESS OR
    IMPLIED, INCLUDING BUT NOT LIMITED TO THE WARRANTIES OF MERCHANTABILITY,
    FITNESS FOR A PARTICULAR PURPOSE AND NONINFRINGEMENT. IN NO EVENT SHALL THE
    AUTHORS OR COPYRIGHT HOLDERS BE LIABLE FOR ANY CLAIM, DAMAGES OR OTHER
    LIABILITY, WHETHER IN AN ACTION OF CONTRACT, TORT OR OTHERWISE, ARISING FROM,
    OUT OF OR IN CONNECTION WITH THE SOFTWARE OR THE USE OR OTHER DEALINGS IN THE
    SOFTWARE.
====

Passed: 61
Failed: 0
ok - truncToFixed truncate
ok - truncToFixed trailing zeros
ok - truncToFixed no round
ok - truncToFixed zero (edge case)
ok - truncToFixed 568.80, floating-point error
ok - truncToFixed 1.23e+20
ok - truncToFixed -1.23e+20
ok - truncToFixed 1.23e-10
ok - roundToFixed truncate
ok - roundToFixed trailing zeros
ok - roundToFixed round
ok - roundToFixed zero (edge case)
ok - roundToFixed 568.80, floating-point error
ok - twoDigitFloat -0.1234 correct
ok - twoDigitFloat -0.1 correct
ok - twoDigitFloat -0 correct
ok - twoDigitFloat 0 correct
ok - twoDigitFloat 1 correct
ok - twoDigitFloat 1.0 correct
ok - twoDigitFloat 1.2 correct
ok - twoDigitFloat 1.234 correct
ok - twoDigitFloat 0.23 correct
ok - twoDigitFloat 0.01 correct
ok - twoDigitFloat, floating-point error
ok - percentFormat 123 correct
ok - percentFormat 123 correct
ok - twoDigitAverage dbz correct
ok - twoDigitAverage 1 correct
ok - twoDigitAverage .1 correct
ok - lstrip whitespace chars
ok - rstrip whitespace chars
ok - strip whitespace chars
ok - lstrip custom chars
ok - rstrip custom chars
ok - strip custom chars
ok - trailing zeros
ok - two seps
ok - shorter than sep
ok - rounding
ok - default neg
ok - custom neg
ok - leading and trailing
ok - leading and trailing
ok - no need for leading/trailing
ok - default placeholder
ok - custom placeholder
ok - de_DE locale
ok - trivial percent
ok - percent
ok - custom locale
ok - large number format
ok - large number format
ok - large number format
ok - large number format
ok - large number format
ok - large number format
ok - large number format
ok - large number format
ok - large number format
ok - large number format
ok - test suite finished!